******************************************************************************
                  TI ARM Linker PC v20.2.5                     
******************************************************************************
>> Linked Tue Mar  1 12:45:02 2022

OUTPUT FILE NAME:   <CAN.out>
ENTRY POINT SYMBOL: "_c_int00_noargs"  address: 000004c5


MEMORY CONFIGURATION

         name            origin    length      used     unused   attr    fill
----------------------  --------  ---------  --------  --------  ----  --------
  FLASH                 00000000   00040000  00000568  0003fa98  R  X
  SRAM                  20000000   00008000  00000330  00007cd0  RW X


SEGMENT ALLOCATION MAP

run origin  load origin   length   init length attrs members
----------  ----------- ---------- ----------- ----- -------
00000000    00000000    00000568   00000568    r-x
  00000000    00000000    0000026c   0000026c    r-- .intvecs
  0000026c    0000026c    000002cc   000002cc    r-x .text
  00000538    00000538    00000030   00000030    r-- .cinit
20000000    20000000    00000330   00000000    rw-
  20000000    20000000    00000200   00000000    rw- .stack
  20000200    20000200    00000128   00000000    rw- .bss
  20000328    20000328    00000008   00000000    rw- .data


SECTION ALLOCATION MAP

 output                                  attributes/
section   page    origin      length       input sections
--------  ----  ----------  ----------   ----------------
.intvecs   0    00000000    0000026c     
                  00000000    0000026c     tm4c123gh6pm_startup_ccs.obj (.intvecs)

.text      0    0000026c    000002cc     
                  0000026c    0000009c     rtsv7M4_T_le_v4SPD16_eabi.lib : memcpy_t2.asm.obj (.text)
                  00000308    00000068                                   : copy_decompress_lzss.c.obj (.text:decompress:lzss:__TI_decompress_lzss)
                  00000370    0000005c     main.obj (.text)
                  000003cc    00000048     rtsv7M4_T_le_v4SPD16_eabi.lib : hostclock.c.obj (.text:HOSTclock)
                  00000414    00000044                                   : autoinit.c.obj (.text:__TI_auto_init_nobinit_nopinit:__TI_auto_init_nobinit_nopinit)
                  00000458    00000038                                   : trgmsg.c.obj (.text:__TI_writemsg)
                  00000490    00000034                                   : trgmsg.c.obj (.text:__TI_readmsg)
                  000004c4    00000034                                   : boot_cortex_m.c.obj (.text:_c_int00_noargs:_c_int00_noargs)
                  000004f8    0000001c                                   : copy_zero_init.c.obj (.text:decompress:ZI:__TI_zero_init_nomemset:__TI_zero_init_nomemset)
                  00000514    0000000e                                   : copy_decompress_none.c.obj (.text:decompress:none:__TI_decompress_none)
                  00000522    0000000c     tm4c123gh6pm_startup_ccs.obj (.text)
                  0000052e    00000004     rtsv7M4_T_le_v4SPD16_eabi.lib : pre_init.c.obj (.text:_system_pre_init)
                  00000532    00000004                                   : exit.c.obj (.text:abort:abort)
                  00000536    00000002                                   : _lock.c.obj (.text:_nop)

.cinit     0    00000538    00000030     
                  00000538    0000000c     (__TI_handler_table)
                  00000544    0000000a     (.cinit..data.load) [load image, compression = lzss]
                  0000054e    00000002     --HOLE-- [fill = 0]
                  00000550    00000008     (.cinit..bss.load) [load image, compression = zero_init]
                  00000558    00000010     (__TI_cinit_table)

.init_array 
*          0    00000000    00000000     UNINITIALIZED

.bss       0    20000200    00000128     UNINITIALIZED
                  20000200    00000120     rtsv7M4_T_le_v4SPD16_eabi.lib : trgmsg.c.obj (.bss:_CIOBUF_)
                  20000320    00000008     (.common:parmbuf)

.data      0    20000328    00000008     UNINITIALIZED
                  20000328    00000008     rtsv7M4_T_le_v4SPD16_eabi.lib : _lock.c.obj (.data:$O1$$)

.stack     0    20000000    00000200     UNINITIALIZED
                  20000000    00000004     rtsv7M4_T_le_v4SPD16_eabi.lib : boot_cortex_m.c.obj (.stack)
                  20000004    000001fc     --HOLE--

__llvm_prf_cnts 
*          0    20000000    00000000     UNINITIALIZED

MODULE SUMMARY

       Module                         code   ro data   rw data
       ------                         ----   -------   -------
    .\
       tm4c123gh6pm_startup_ccs.obj   12     620       0      
       main.obj                       92     0         0      
    +--+------------------------------+------+---------+---------+
       Total:                         104    620       0      
                                                              
    C:\ti\ccs1100\ccs\tools\compiler\ti-cgt-arm_20.2.5.LTS\lib\rtsv7M4_T_le_v4SPD16_eabi.lib
       trgmsg.c.obj                   108    0         288    
       memcpy_t2.asm.obj              156    0         0      
       copy_decompress_lzss.c.obj     104    0         0      
       hostclock.c.obj                72     0         0      
       autoinit.c.obj                 68     0         0      
       boot_cortex_m.c.obj            52     0         0      
       copy_zero_init.c.obj           28     0         0      
       copy_decompress_none.c.obj     14     0         0      
       _lock.c.obj                    2      0         8      
       hostopen.c.obj                 0      0         8      
       exit.c.obj                     4      0         0      
       pre_init.c.obj                 4      0         0      
    +--+------------------------------+------+---------+---------+
       Total:                         612    0         304    
                                                              
       Stack:                         0      0         512    
       Linker Generated:              0      46        0      
    +--+------------------------------+------+---------+---------+
       Grand Total:                   716    666       816    


LINKER GENERATED COPY TABLES

__TI_cinit_table @ 00000558 records: 2, size/record: 8, table size: 16
	.data: load addr=00000544, load size=0000000a bytes, run addr=20000328, run size=00000008 bytes, compression=lzss
	.bss: load addr=00000550, load size=00000008 bytes, run addr=20000200, run size=00000128 bytes, compression=zero_init


LINKER GENERATED HANDLER TABLE

__TI_handler_table @ 00000538 records: 3, size/record: 4, table size: 12
	index: 0, handler: __TI_decompress_lzss
	index: 1, handler: __TI_decompress_none
	index: 2, handler: __TI_zero_init


GLOBAL SYMBOLS: SORTED ALPHABETICALLY BY Name 

address   name                          
-------   ----                          
00000533  C$$EXIT                       
00000487  C$$IO$$                       
000003cd  HOSTclock                     
UNDEFED   MIL_CANPortClkEnable          
UNDEFED   MIL_CANSimpleTX               
UNDEFED   MIL_InitCAN                   
00000523  ResetISR                      
20000200  __CIOBUF_                     
20000200  __STACK_END                   
00000200  __STACK_SIZE                  
20000200  __STACK_TOP                   
00000558  __TI_CINIT_Base               
00000568  __TI_CINIT_Limit              
00000538  __TI_Handler_Table_Base       
00000544  __TI_Handler_Table_Limit      
00000415  __TI_auto_init_nobinit_nopinit
00000309  __TI_decompress_lzss          
00000515  __TI_decompress_none          
ffffffff  __TI_pprof_out_hndl           
ffffffff  __TI_prof_data_size           
ffffffff  __TI_prof_data_start          
00000491  __TI_readmsg                  
00000000  __TI_static_base__            
00000459  __TI_writemsg                 
000004f9  __TI_zero_init_nomemset       
0000026d  __aeabi_memcpy                
0000026d  __aeabi_memcpy4               
0000026d  __aeabi_memcpy8               
ffffffff  __binit__                     
ffffffff  __c_args__                    
UNDEFED   __mpu_init                    
20000000  __stack                       
20000000  __start___llvm_prf_cnts       
20000000  __stop___llvm_prf_cnts        
000004c5  _c_int00_noargs               
20000328  _lock                         
00000537  _nop                          
UNDEFED   _system_post_cinit            
0000052f  _system_pre_init              
2000032c  _unlock                       
00000533  abort                         
ffffffff  binit                         
000003cd  clock                         
00000371  delay                         
00000000  g_pfnVectors                  
00000395  main                          
0000026d  memcpy                        
20000320  parmbuf                       


GLOBAL SYMBOLS: SORTED BY Symbol Address 

address   name                          
-------   ----                          
00000000  __TI_static_base__            
00000000  g_pfnVectors                  
00000200  __STACK_SIZE                  
0000026d  __aeabi_memcpy                
0000026d  __aeabi_memcpy4               
0000026d  __aeabi_memcpy8               
0000026d  memcpy                        
00000309  __TI_decompress_lzss          
00000371  delay                         
00000395  main                          
000003cd  HOSTclock                     
000003cd  clock                         
00000415  __TI_auto_init_nobinit_nopinit
00000459  __TI_writemsg                 
00000487  C$$IO$$                       
00000491  __TI_readmsg                  
000004c5  _c_int00_noargs               
000004f9  __TI_zero_init_nomemset       
00000515  __TI_decompress_none          
00000523  ResetISR                      
0000052f  _system_pre_init              
00000533  C$$EXIT                       
00000533  abort                         
00000537  _nop                          
00000538  __TI_Handler_Table_Base       
00000544  __TI_Handler_Table_Limit      
00000558  __TI_CINIT_Base               
00000568  __TI_CINIT_Limit              
20000000  __stack                       
20000000  __start___llvm_prf_cnts       
20000000  __stop___llvm_prf_cnts        
20000200  __CIOBUF_                     
20000200  __STACK_END                   
20000200  __STACK_TOP                   
20000320  parmbuf                       
20000328  _lock                         
2000032c  _unlock                       
ffffffff  __TI_pprof_out_hndl           
ffffffff  __TI_prof_data_size           
ffffffff  __TI_prof_data_start          
ffffffff  __binit__                     
ffffffff  __c_args__                    
ffffffff  binit                         
UNDEFED   MIL_CANPortClkEnable          
UNDEFED   MIL_CANSimpleTX               
UNDEFED   MIL_InitCAN                   
UNDEFED   __mpu_init                    
UNDEFED   _system_post_cinit            

[48 symbols]
